mode: set
_/Users/branw/Documents/code/go_moudle/go-useful/test/mul/mul.go:7.27,10.2 2 1
